21:19:17 **** Incremental Build of configuration Debug for project STM32F103C6 ****
make -j12 all 
arm-none-eabi-gcc "../Src/main.c" -mcpu=cortex-m3 -std=gnu11 -g3 -DSTM32 -DSTM32F1 -DSTM32F103C6Tx -DDEBUG -c -I../Inc -O0 -ffunction-sections -fdata-sections -Wall -fstack-usage -MMD -MP -MF"Src/main.d" -MT"Src/main.o" --specs=nano.specs -mfloat-abi=soft -mthumb -o "Src/main.o"
arm-none-eabi-gcc -o "STM32F103C6.elf" @"objects.list"   -mcpu=cortex-m3 -T"C:\Users\youssef's\Desktop\embedded systems\Embedded_Systems\EmbeddedC\Stm32 cube\STM32F103C6\STM32F103C6TX_FLASH.ld" --specs=nosys.specs -Wl,-Map="STM32F103C6.map" -Wl,--gc-sections -static --specs=nano.specs -mfloat-abi=soft -mthumb -Wl,--start-group -lc -lm -Wl,--end-group
Finished building target: STM32F103C6.elf
 
arm-none-eabi-objdump -h -S  STM32F103C6.elf  > "STM32F103C6.list"
arm-none-eabi-objcopy  -O ihex  STM32F103C6.elf  "STM32F103C6.hex"
arm-none-eabi-objcopy  -O binary  STM32F103C6.elf  "STM32F103C6.bin"
arm-none-eabi-size   STM32F103C6.elf 
   text	   data	    bss	    dec	    hex	filename
    652	      8	   1568	   2228	    8b4	STM32F103C6.elf
Finished building: default.size.stdout
 
Finished building: STM32F103C6.hex
Finished building: STM32F103C6.bin
Finished building: STM32F103C6.list
 
 
 

21:19:18 Build Finished. 0 errors, 0 warnings. (took 690ms)

